2025-05-17 18:28:40.885 [main] INFO  com.eleicao.sd.EleicaoApplication - Starting EleicaoApplication using Java 21.0.6 with PID 22060 (C:\Users\yguilherme\Documents\youknow\nova_pasta\trab_sd_votacao\backend+core\backend2\target\classes started by yguilherme in C:\Users\yguilherme\Documents\youknow\nova_pasta\trab_sd_votacao\backend+core\backend2)
2025-05-17 18:28:40.895 [main] INFO  com.eleicao.sd.EleicaoApplication - No active profile set, falling back to 1 default profile: "default"
2025-05-17 18:28:42.407 [main] INFO  org.apache.coyote.http11.Http11NioProtocol - Initializing ProtocolHandler ["http-nio-8080"]
2025-05-17 18:28:42.409 [main] INFO  org.apache.catalina.core.StandardService - Starting service [Tomcat]
2025-05-17 18:28:42.410 [main] INFO  org.apache.catalina.core.StandardEngine - Starting Servlet engine: [Apache Tomcat/10.1.40]
2025-05-17 18:28:42.455 [main] INFO  org.apache.catalina.core.ContainerBase.[Tomcat].[localhost].[/] - Initializing Spring embedded WebApplicationContext
2025-05-17 18:28:42.673 [main] INFO  com.zaxxer.hikari.HikariDataSource - HikariPool-1 - Starting...
2025-05-17 18:28:42.825 [main] INFO  com.zaxxer.hikari.pool.HikariPool - HikariPool-1 - Added connection conn0: url=jdbc:h2:mem:collectdb user=SA
2025-05-17 18:28:42.827 [main] INFO  com.zaxxer.hikari.HikariDataSource - HikariPool-1 - Start completed.
2025-05-17 18:28:42.879 [main] INFO  org.hibernate.jpa.internal.util.LogHelper - HHH000204: Processing PersistenceUnitInfo [name: default]
2025-05-17 18:28:42.949 [main] INFO  org.hibernate.Version - HHH000412: Hibernate ORM core version 6.6.13.Final
2025-05-17 18:28:42.994 [main] INFO  org.hibernate.cache.internal.RegionFactoryInitiator - HHH000026: Second-level cache disabled
2025-05-17 18:28:43.432 [main] INFO  org.hibernate.orm.connections.pooling - HHH10001005: Database info:
	Database JDBC URL [Connecting through datasource 'HikariDataSource (HikariPool-1)']
	Database driver: undefined/unknown
	Database version: 2.3.232
	Autocommit mode: undefined/unknown
	Isolation level: undefined/unknown
	Minimum pool size: undefined/unknown
	Maximum pool size: undefined/unknown
2025-05-17 18:28:44.042 [main] INFO  org.hibernate.engine.transaction.jta.platform.internal.JtaPlatformInitiator - HHH000489: No JTA platform available (set 'hibernate.transaction.jta.platform' to enable JTA platform integration)
2025-05-17 18:28:45.279 [main] INFO  org.apache.coyote.http11.Http11NioProtocol - Starting ProtocolHandler ["http-nio-8080"]
2025-05-17 18:28:45.326 [main] INFO  com.eleicao.sd.EleicaoApplication - Started EleicaoApplication in 4.756 seconds (process running for 5.703)
2025-05-17 18:44:22.514 [SpringApplicationShutdownHook] INFO  com.zaxxer.hikari.HikariDataSource - HikariPool-1 - Shutdown initiated...
2025-05-17 18:44:22.518 [SpringApplicationShutdownHook] INFO  com.zaxxer.hikari.HikariDataSource - HikariPool-1 - Shutdown completed.
2025-05-17 18:44:27.195 [main] INFO  com.eleicao.sd.EleicaoApplication - Starting EleicaoApplication using Java 21.0.6 with PID 13868 (C:\Users\yguilherme\Documents\youknow\nova_pasta\trab_sd_votacao\backend+core\backend2\target\classes started by yguilherme in C:\Users\yguilherme\Documents\youknow\nova_pasta\trab_sd_votacao\backend+core\backend2)
2025-05-17 18:44:27.203 [main] INFO  com.eleicao.sd.EleicaoApplication - No active profile set, falling back to 1 default profile: "default"
2025-05-17 18:44:28.675 [main] INFO  org.apache.coyote.http11.Http11NioProtocol - Initializing ProtocolHandler ["http-nio-8080"]
2025-05-17 18:44:28.678 [main] INFO  org.apache.catalina.core.StandardService - Starting service [Tomcat]
2025-05-17 18:44:28.678 [main] INFO  org.apache.catalina.core.StandardEngine - Starting Servlet engine: [Apache Tomcat/10.1.40]
2025-05-17 18:44:28.722 [main] INFO  org.apache.catalina.core.ContainerBase.[Tomcat].[localhost].[/] - Initializing Spring embedded WebApplicationContext
2025-05-17 18:44:28.935 [main] INFO  com.zaxxer.hikari.HikariDataSource - HikariPool-1 - Starting...
2025-05-17 18:44:29.124 [main] INFO  com.zaxxer.hikari.pool.HikariPool - HikariPool-1 - Added connection conn0: url=jdbc:h2:mem:collectdb user=SA
2025-05-17 18:44:29.127 [main] INFO  com.zaxxer.hikari.HikariDataSource - HikariPool-1 - Start completed.
2025-05-17 18:44:29.190 [main] INFO  org.hibernate.jpa.internal.util.LogHelper - HHH000204: Processing PersistenceUnitInfo [name: default]
2025-05-17 18:44:29.260 [main] INFO  org.hibernate.Version - HHH000412: Hibernate ORM core version 6.6.13.Final
2025-05-17 18:44:29.302 [main] INFO  org.hibernate.cache.internal.RegionFactoryInitiator - HHH000026: Second-level cache disabled
2025-05-17 18:44:29.646 [main] INFO  org.hibernate.orm.connections.pooling - HHH10001005: Database info:
	Database JDBC URL [Connecting through datasource 'HikariDataSource (HikariPool-1)']
	Database driver: undefined/unknown
	Database version: 2.3.232
	Autocommit mode: undefined/unknown
	Isolation level: undefined/unknown
	Minimum pool size: undefined/unknown
	Maximum pool size: undefined/unknown
2025-05-17 18:44:30.219 [main] INFO  org.hibernate.engine.transaction.jta.platform.internal.JtaPlatformInitiator - HHH000489: No JTA platform available (set 'hibernate.transaction.jta.platform' to enable JTA platform integration)
2025-05-17 18:44:31.304 [main] INFO  org.apache.coyote.http11.Http11NioProtocol - Starting ProtocolHandler ["http-nio-8080"]
2025-05-17 18:44:31.333 [main] INFO  com.eleicao.sd.EleicaoApplication - Started EleicaoApplication in 4.502 seconds (process running for 5.37)
2025-05-17 18:44:38.837 [http-nio-8080-exec-1] INFO  org.apache.catalina.core.ContainerBase.[Tomcat].[localhost].[/] - Initializing Spring DispatcherServlet 'dispatcherServlet'
2025-05-17 18:44:39.038 [http-nio-8080-exec-1] INFO  com.eleicao.sd.service.EleicaoService - Criou user: yan
2025-05-17 18:44:52.836 [http-nio-8080-exec-3] INFO  com.eleicao.sd.service.EleicaoService - Criou candidato: papai m3essi
2025-05-17 18:44:56.740 [http-nio-8080-exec-4] ERROR com.eleicao.sd.service.EleicaoService - Candidato ja existe papai m3essi
2025-05-17 18:45:52.144 [http-nio-8080-exec-9] INFO  com.eleicao.sd.service.EleicaoService - Candidato encontrado - id: 1
2025-05-17 18:45:52.245 [http-nio-8080-exec-9] INFO  com.eleicao.sd.service.EleicaoService - Voto para o candidato: papai m3essi
2025-05-17 19:18:50.448 [SpringApplicationShutdownHook] INFO  com.zaxxer.hikari.HikariDataSource - HikariPool-1 - Shutdown initiated...
2025-05-17 19:18:50.452 [SpringApplicationShutdownHook] INFO  com.zaxxer.hikari.HikariDataSource - HikariPool-1 - Shutdown completed.
2025-05-17 19:18:55.757 [main] INFO  com.eleicao.sd.EleicaoApplication - Starting EleicaoApplication using Java 21.0.6 with PID 27460 (C:\Users\yguilherme\Documents\youknow\nova_pasta\trab_sd_votacao\backend+core\backend2\target\classes started by yguilherme in C:\Users\yguilherme\Documents\youknow\nova_pasta\trab_sd_votacao\backend+core\backend2)
2025-05-17 19:18:55.767 [main] INFO  com.eleicao.sd.EleicaoApplication - No active profile set, falling back to 1 default profile: "default"
2025-05-17 19:18:57.199 [main] INFO  org.apache.coyote.http11.Http11NioProtocol - Initializing ProtocolHandler ["http-nio-8080"]
2025-05-17 19:18:57.201 [main] INFO  org.apache.catalina.core.StandardService - Starting service [Tomcat]
2025-05-17 19:18:57.201 [main] INFO  org.apache.catalina.core.StandardEngine - Starting Servlet engine: [Apache Tomcat/10.1.40]
2025-05-17 19:18:57.247 [main] INFO  org.apache.catalina.core.ContainerBase.[Tomcat].[localhost].[/] - Initializing Spring embedded WebApplicationContext
2025-05-17 19:18:57.477 [main] INFO  com.zaxxer.hikari.HikariDataSource - HikariPool-1 - Starting...
2025-05-17 19:18:57.663 [main] INFO  com.zaxxer.hikari.pool.HikariPool - HikariPool-1 - Added connection conn0: url=jdbc:h2:mem:collectdb user=SA
2025-05-17 19:18:57.665 [main] INFO  com.zaxxer.hikari.HikariDataSource - HikariPool-1 - Start completed.
2025-05-17 19:18:57.722 [main] INFO  org.hibernate.jpa.internal.util.LogHelper - HHH000204: Processing PersistenceUnitInfo [name: default]
2025-05-17 19:18:57.820 [main] INFO  org.hibernate.Version - HHH000412: Hibernate ORM core version 6.6.13.Final
2025-05-17 19:18:57.867 [main] INFO  org.hibernate.cache.internal.RegionFactoryInitiator - HHH000026: Second-level cache disabled
2025-05-17 19:18:58.219 [main] INFO  org.hibernate.orm.connections.pooling - HHH10001005: Database info:
	Database JDBC URL [Connecting through datasource 'HikariDataSource (HikariPool-1)']
	Database driver: undefined/unknown
	Database version: 2.3.232
	Autocommit mode: undefined/unknown
	Isolation level: undefined/unknown
	Minimum pool size: undefined/unknown
	Maximum pool size: undefined/unknown
2025-05-17 19:18:58.792 [main] INFO  org.hibernate.engine.transaction.jta.platform.internal.JtaPlatformInitiator - HHH000489: No JTA platform available (set 'hibernate.transaction.jta.platform' to enable JTA platform integration)
2025-05-17 19:19:00.014 [main] INFO  org.apache.coyote.http11.Http11NioProtocol - Starting ProtocolHandler ["http-nio-8080"]
2025-05-17 19:19:00.057 [main] INFO  com.eleicao.sd.EleicaoApplication - Started EleicaoApplication in 4.715 seconds (process running for 5.611)
2025-05-17 19:19:24.291 [http-nio-8080-exec-1] INFO  org.apache.catalina.core.ContainerBase.[Tomcat].[localhost].[/] - Initializing Spring DispatcherServlet 'dispatcherServlet'
2025-05-17 19:19:24.469 [http-nio-8080-exec-1] INFO  com.eleicao.sd.service.EleicaoService - Criou user: yan
2025-05-17 19:19:35.305 [http-nio-8080-exec-3] INFO  com.eleicao.sd.service.EleicaoService - Criou candidato: papai m3essi
2025-05-17 19:19:35.393 [http-nio-8080-exec-3] INFO  com.eleicao.sd.component.VotoSender - Candidato criado: com.eleicao.sd.dto.CandidatoDTO@2f52e997
2025-05-17 19:21:18.265 [http-nio-8080-exec-7] ERROR com.eleicao.sd.service.EleicaoService - Candidato ja existe: papai m3essi
2025-05-17 19:21:31.166 [SpringApplicationShutdownHook] INFO  com.zaxxer.hikari.HikariDataSource - HikariPool-1 - Shutdown initiated...
2025-05-17 19:21:31.170 [SpringApplicationShutdownHook] INFO  com.zaxxer.hikari.HikariDataSource - HikariPool-1 - Shutdown completed.
2025-05-17 19:21:34.039 [main] INFO  com.eleicao.sd.EleicaoApplication - Starting EleicaoApplication using Java 21.0.6 with PID 4728 (C:\Users\yguilherme\Documents\youknow\nova_pasta\trab_sd_votacao\backend+core\backend2\target\classes started by yguilherme in C:\Users\yguilherme\Documents\youknow\nova_pasta\trab_sd_votacao\backend+core\backend2)
2025-05-17 19:21:34.047 [main] INFO  com.eleicao.sd.EleicaoApplication - No active profile set, falling back to 1 default profile: "default"
2025-05-17 19:21:35.461 [main] INFO  org.apache.coyote.http11.Http11NioProtocol - Initializing ProtocolHandler ["http-nio-8080"]
2025-05-17 19:21:35.463 [main] INFO  org.apache.catalina.core.StandardService - Starting service [Tomcat]
2025-05-17 19:21:35.463 [main] INFO  org.apache.catalina.core.StandardEngine - Starting Servlet engine: [Apache Tomcat/10.1.40]
2025-05-17 19:21:35.511 [main] INFO  org.apache.catalina.core.ContainerBase.[Tomcat].[localhost].[/] - Initializing Spring embedded WebApplicationContext
2025-05-17 19:21:35.715 [main] INFO  com.zaxxer.hikari.HikariDataSource - HikariPool-1 - Starting...
2025-05-17 19:21:35.915 [main] INFO  com.zaxxer.hikari.pool.HikariPool - HikariPool-1 - Added connection conn0: url=jdbc:h2:mem:collectdb user=SA
2025-05-17 19:21:35.917 [main] INFO  com.zaxxer.hikari.HikariDataSource - HikariPool-1 - Start completed.
2025-05-17 19:21:35.982 [main] INFO  org.hibernate.jpa.internal.util.LogHelper - HHH000204: Processing PersistenceUnitInfo [name: default]
2025-05-17 19:21:36.056 [main] INFO  org.hibernate.Version - HHH000412: Hibernate ORM core version 6.6.13.Final
2025-05-17 19:21:36.096 [main] INFO  org.hibernate.cache.internal.RegionFactoryInitiator - HHH000026: Second-level cache disabled
2025-05-17 19:21:36.422 [main] INFO  org.hibernate.orm.connections.pooling - HHH10001005: Database info:
	Database JDBC URL [Connecting through datasource 'HikariDataSource (HikariPool-1)']
	Database driver: undefined/unknown
	Database version: 2.3.232
	Autocommit mode: undefined/unknown
	Isolation level: undefined/unknown
	Minimum pool size: undefined/unknown
	Maximum pool size: undefined/unknown
2025-05-17 19:21:36.989 [main] INFO  org.hibernate.engine.transaction.jta.platform.internal.JtaPlatformInitiator - HHH000489: No JTA platform available (set 'hibernate.transaction.jta.platform' to enable JTA platform integration)
2025-05-17 19:21:38.063 [main] INFO  org.apache.coyote.http11.Http11NioProtocol - Starting ProtocolHandler ["http-nio-8080"]
2025-05-17 19:21:38.098 [main] INFO  com.eleicao.sd.EleicaoApplication - Started EleicaoApplication in 4.364 seconds (process running for 5.277)
2025-05-17 19:21:43.926 [http-nio-8080-exec-2] INFO  org.apache.catalina.core.ContainerBase.[Tomcat].[localhost].[/] - Initializing Spring DispatcherServlet 'dispatcherServlet'
2025-05-17 19:21:44.131 [http-nio-8080-exec-2] INFO  com.eleicao.sd.service.EleicaoService - Criou candidato: papai neymar
2025-05-17 19:21:44.207 [http-nio-8080-exec-2] INFO  com.eleicao.sd.component.VotoSender - Candidato criado: com.eleicao.sd.dto.CandidatoDTO@354e9e3e
2025-05-17 19:22:46.909 [SpringApplicationShutdownHook] INFO  com.zaxxer.hikari.HikariDataSource - HikariPool-1 - Shutdown initiated...
2025-05-17 19:22:46.912 [SpringApplicationShutdownHook] INFO  com.zaxxer.hikari.HikariDataSource - HikariPool-1 - Shutdown completed.
2025-05-17 19:22:51.194 [main] INFO  com.eleicao.sd.EleicaoApplication - Starting EleicaoApplication using Java 21.0.6 with PID 24876 (C:\Users\yguilherme\Documents\youknow\nova_pasta\trab_sd_votacao\backend+core\backend2\target\classes started by yguilherme in C:\Users\yguilherme\Documents\youknow\nova_pasta\trab_sd_votacao\backend+core\backend2)
2025-05-17 19:22:51.202 [main] INFO  com.eleicao.sd.EleicaoApplication - No active profile set, falling back to 1 default profile: "default"
2025-05-17 19:22:52.727 [main] INFO  org.apache.coyote.http11.Http11NioProtocol - Initializing ProtocolHandler ["http-nio-8080"]
2025-05-17 19:22:52.729 [main] INFO  org.apache.catalina.core.StandardService - Starting service [Tomcat]
2025-05-17 19:22:52.729 [main] INFO  org.apache.catalina.core.StandardEngine - Starting Servlet engine: [Apache Tomcat/10.1.40]
2025-05-17 19:22:52.776 [main] INFO  org.apache.catalina.core.ContainerBase.[Tomcat].[localhost].[/] - Initializing Spring embedded WebApplicationContext
2025-05-17 19:22:52.965 [main] INFO  com.zaxxer.hikari.HikariDataSource - HikariPool-1 - Starting...
2025-05-17 19:22:53.149 [main] INFO  com.zaxxer.hikari.pool.HikariPool - HikariPool-1 - Added connection conn0: url=jdbc:h2:mem:collectdb user=SA
2025-05-17 19:22:53.151 [main] INFO  com.zaxxer.hikari.HikariDataSource - HikariPool-1 - Start completed.
2025-05-17 19:22:53.222 [main] INFO  org.hibernate.jpa.internal.util.LogHelper - HHH000204: Processing PersistenceUnitInfo [name: default]
2025-05-17 19:22:53.301 [main] INFO  org.hibernate.Version - HHH000412: Hibernate ORM core version 6.6.13.Final
2025-05-17 19:22:53.355 [main] INFO  org.hibernate.cache.internal.RegionFactoryInitiator - HHH000026: Second-level cache disabled
2025-05-17 19:22:53.709 [main] INFO  org.hibernate.orm.connections.pooling - HHH10001005: Database info:
	Database JDBC URL [Connecting through datasource 'HikariDataSource (HikariPool-1)']
	Database driver: undefined/unknown
	Database version: 2.3.232
	Autocommit mode: undefined/unknown
	Isolation level: undefined/unknown
	Minimum pool size: undefined/unknown
	Maximum pool size: undefined/unknown
2025-05-17 19:22:54.327 [main] INFO  org.hibernate.engine.transaction.jta.platform.internal.JtaPlatformInitiator - HHH000489: No JTA platform available (set 'hibernate.transaction.jta.platform' to enable JTA platform integration)
2025-05-17 19:22:55.494 [main] INFO  org.apache.coyote.http11.Http11NioProtocol - Starting ProtocolHandler ["http-nio-8080"]
2025-05-17 19:22:55.549 [main] INFO  com.eleicao.sd.EleicaoApplication - Started EleicaoApplication in 4.685 seconds (process running for 5.531)
2025-05-17 19:24:59.515 [http-nio-8080-exec-2] INFO  org.apache.catalina.core.ContainerBase.[Tomcat].[localhost].[/] - Initializing Spring DispatcherServlet 'dispatcherServlet'
2025-05-17 19:24:59.911 [http-nio-8080-exec-2] INFO  com.eleicao.sd.service.EleicaoService - Criou user: yan
2025-05-17 19:25:05.725 [http-nio-8080-exec-4] INFO  com.eleicao.sd.service.EleicaoService - Criou candidato: papai neymar
2025-05-17 19:25:05.873 [http-nio-8080-exec-4] INFO  com.eleicao.sd.component.VotoSender - Candidato criado: CandidatoDTO{id=null, nome='papai neymar', quantidadeVotos=null, foto='link'}
2025-05-17 19:25:17.802 [http-nio-8080-exec-3] INFO  com.eleicao.sd.service.EleicaoService - Candidato encontrado - id: 1
2025-05-17 19:25:17.812 [http-nio-8080-exec-3] INFO  com.eleicao.sd.component.VotoSender - Voto enviado: VotoDTO{type='eleicao-gp2', object='papai neymar', valor=1, timestamp=2025-05-17T19:25:17.803070900, foto='link'}
2025-05-17 19:25:17.813 [http-nio-8080-exec-3] INFO  com.eleicao.sd.service.EleicaoService - Voto para o candidato: papai neymar
2025-05-17 19:25:19.738 [http-nio-8080-exec-5] INFO  com.eleicao.sd.service.EleicaoService - Candidato encontrado - id: 1
2025-05-17 19:25:19.740 [http-nio-8080-exec-5] INFO  com.eleicao.sd.component.VotoSender - Voto enviado: VotoDTO{type='eleicao-gp2', object='papai neymar', valor=1, timestamp=2025-05-17T19:25:19.739376900, foto='link'}
2025-05-17 19:25:19.740 [http-nio-8080-exec-5] INFO  com.eleicao.sd.service.EleicaoService - Voto para o candidato: papai neymar
2025-05-17 19:27:07.534 [SpringApplicationShutdownHook] INFO  com.zaxxer.hikari.HikariDataSource - HikariPool-1 - Shutdown initiated...
2025-05-17 19:27:07.536 [SpringApplicationShutdownHook] INFO  com.zaxxer.hikari.HikariDataSource - HikariPool-1 - Shutdown completed.
2025-05-17 19:27:12.187 [main] INFO  com.eleicao.sd.EleicaoApplication - Starting EleicaoApplication using Java 21.0.6 with PID 25652 (C:\Users\yguilherme\Documents\youknow\nova_pasta\trab_sd_votacao\backend+core\backend2\target\classes started by yguilherme in C:\Users\yguilherme\Documents\youknow\nova_pasta\trab_sd_votacao\backend+core\backend2)
2025-05-17 19:27:12.194 [main] INFO  com.eleicao.sd.EleicaoApplication - No active profile set, falling back to 1 default profile: "default"
2025-05-17 19:27:13.570 [main] INFO  org.apache.coyote.http11.Http11NioProtocol - Initializing ProtocolHandler ["http-nio-8080"]
2025-05-17 19:27:13.572 [main] INFO  org.apache.catalina.core.StandardService - Starting service [Tomcat]
2025-05-17 19:27:13.572 [main] INFO  org.apache.catalina.core.StandardEngine - Starting Servlet engine: [Apache Tomcat/10.1.40]
2025-05-17 19:27:13.622 [main] INFO  org.apache.catalina.core.ContainerBase.[Tomcat].[localhost].[/] - Initializing Spring embedded WebApplicationContext
2025-05-17 19:27:13.823 [main] INFO  com.zaxxer.hikari.HikariDataSource - HikariPool-1 - Starting...
2025-05-17 19:27:13.993 [main] INFO  com.zaxxer.hikari.pool.HikariPool - HikariPool-1 - Added connection conn0: url=jdbc:h2:mem:collectdb user=SA
2025-05-17 19:27:13.995 [main] INFO  com.zaxxer.hikari.HikariDataSource - HikariPool-1 - Start completed.
2025-05-17 19:27:14.027 [main] INFO  org.hibernate.jpa.internal.util.LogHelper - HHH000204: Processing PersistenceUnitInfo [name: default]
2025-05-17 19:27:14.077 [main] INFO  org.hibernate.Version - HHH000412: Hibernate ORM core version 6.6.13.Final
2025-05-17 19:27:14.116 [main] INFO  org.hibernate.cache.internal.RegionFactoryInitiator - HHH000026: Second-level cache disabled
2025-05-17 19:27:14.486 [main] INFO  org.hibernate.orm.connections.pooling - HHH10001005: Database info:
	Database JDBC URL [Connecting through datasource 'HikariDataSource (HikariPool-1)']
	Database driver: undefined/unknown
	Database version: 2.3.232
	Autocommit mode: undefined/unknown
	Isolation level: undefined/unknown
	Minimum pool size: undefined/unknown
	Maximum pool size: undefined/unknown
2025-05-17 19:27:15.054 [main] INFO  org.hibernate.engine.transaction.jta.platform.internal.JtaPlatformInitiator - HHH000489: No JTA platform available (set 'hibernate.transaction.jta.platform' to enable JTA platform integration)
2025-05-17 19:27:16.167 [main] INFO  org.apache.coyote.http11.Http11NioProtocol - Starting ProtocolHandler ["http-nio-8080"]
2025-05-17 19:27:16.206 [main] INFO  com.eleicao.sd.EleicaoApplication - Started EleicaoApplication in 4.336 seconds (process running for 5.199)
2025-05-17 19:27:47.258 [http-nio-8080-exec-2] INFO  org.apache.catalina.core.ContainerBase.[Tomcat].[localhost].[/] - Initializing Spring DispatcherServlet 'dispatcherServlet'
2025-05-17 19:27:47.471 [http-nio-8080-exec-2] INFO  com.eleicao.sd.service.EleicaoService - Criou user: yan
2025-05-17 19:27:56.199 [http-nio-8080-exec-3] INFO  com.eleicao.sd.service.EleicaoService - Criou candidato: papai neymar
2025-05-17 19:27:56.347 [http-nio-8080-exec-3] INFO  com.eleicao.sd.component.VotoSender - Candidato criado: CandidatoDTO{id=null, nome='papai neymar', quantidadeVotos=null, foto='link'}
2025-05-17 19:28:10.260 [http-nio-8080-exec-4] INFO  com.eleicao.sd.service.EleicaoService - Candidato encontrado - id: 1
2025-05-17 19:28:10.266 [http-nio-8080-exec-4] INFO  com.eleicao.sd.component.VotoSender - Voto enviado: VotoDTO{type='eleicao-gp2', object='papai neymar', valor=1, timestamp=2025-05-17T19:28:10.261110500}
2025-05-17 19:28:10.267 [http-nio-8080-exec-4] INFO  com.eleicao.sd.service.EleicaoService - Voto para o candidato: papai neymar
2025-05-17 19:28:21.509 [http-nio-8080-exec-5] INFO  com.eleicao.sd.service.EleicaoService - Candidato encontrado - id: 1
2025-05-17 19:28:21.511 [http-nio-8080-exec-5] INFO  com.eleicao.sd.component.VotoSender - Voto enviado: VotoDTO{type='eleicao-gp2', object='papai neymar', valor=1, timestamp=2025-05-17T19:28:21.510165800}
2025-05-17 19:28:21.512 [http-nio-8080-exec-5] INFO  com.eleicao.sd.service.EleicaoService - Voto para o candidato: papai neymar
2025-05-17 19:28:22.676 [http-nio-8080-exec-6] INFO  com.eleicao.sd.service.EleicaoService - Candidato encontrado - id: 1
2025-05-17 19:28:22.677 [http-nio-8080-exec-6] INFO  com.eleicao.sd.component.VotoSender - Voto enviado: VotoDTO{type='eleicao-gp2', object='papai neymar', valor=1, timestamp=2025-05-17T19:28:22.676779100}
2025-05-17 19:28:22.678 [http-nio-8080-exec-6] INFO  com.eleicao.sd.service.EleicaoService - Voto para o candidato: papai neymar
2025-05-17 19:28:23.697 [http-nio-8080-exec-7] INFO  com.eleicao.sd.service.EleicaoService - Candidato encontrado - id: 1
2025-05-17 19:28:23.700 [http-nio-8080-exec-7] INFO  com.eleicao.sd.component.VotoSender - Voto enviado: VotoDTO{type='eleicao-gp2', object='papai neymar', valor=1, timestamp=2025-05-17T19:28:23.699211600}
2025-05-17 19:28:23.701 [http-nio-8080-exec-7] INFO  com.eleicao.sd.service.EleicaoService - Voto para o candidato: papai neymar
2025-05-17 19:28:24.696 [http-nio-8080-exec-8] INFO  com.eleicao.sd.service.EleicaoService - Candidato encontrado - id: 1
2025-05-17 19:28:24.699 [http-nio-8080-exec-8] INFO  com.eleicao.sd.component.VotoSender - Voto enviado: VotoDTO{type='eleicao-gp2', object='papai neymar', valor=1, timestamp=2025-05-17T19:28:24.697388700}
2025-05-17 19:28:24.700 [http-nio-8080-exec-8] INFO  com.eleicao.sd.service.EleicaoService - Voto para o candidato: papai neymar
2025-05-17 19:48:08.313 [SpringApplicationShutdownHook] INFO  com.zaxxer.hikari.HikariDataSource - HikariPool-1 - Shutdown initiated...
2025-05-17 19:48:08.316 [SpringApplicationShutdownHook] INFO  com.zaxxer.hikari.HikariDataSource - HikariPool-1 - Shutdown completed.
2025-05-17 19:48:15.356 [main] INFO  com.eleicao.sd.EleicaoApplication - Starting EleicaoApplication using Java 21.0.6 with PID 16712 (C:\Users\yguilherme\Documents\youknow\nova_pasta\trab_sd_votacao\backend+core\backend2\target\classes started by yguilherme in C:\Users\yguilherme\Documents\youknow\nova_pasta\trab_sd_votacao\backend+core\backend2)
2025-05-17 19:48:15.367 [main] INFO  com.eleicao.sd.EleicaoApplication - No active profile set, falling back to 1 default profile: "default"
2025-05-17 19:48:16.827 [main] INFO  org.apache.coyote.http11.Http11NioProtocol - Initializing ProtocolHandler ["http-nio-8080"]
2025-05-17 19:48:16.829 [main] INFO  org.apache.catalina.core.StandardService - Starting service [Tomcat]
2025-05-17 19:48:16.829 [main] INFO  org.apache.catalina.core.StandardEngine - Starting Servlet engine: [Apache Tomcat/10.1.40]
2025-05-17 19:48:16.874 [main] INFO  org.apache.catalina.core.ContainerBase.[Tomcat].[localhost].[/] - Initializing Spring embedded WebApplicationContext
2025-05-17 19:48:17.077 [main] INFO  com.zaxxer.hikari.HikariDataSource - HikariPool-1 - Starting...
2025-05-17 19:48:17.224 [main] INFO  com.zaxxer.hikari.pool.HikariPool - HikariPool-1 - Added connection conn0: url=jdbc:h2:mem:collectdb user=SA
2025-05-17 19:48:17.225 [main] INFO  com.zaxxer.hikari.HikariDataSource - HikariPool-1 - Start completed.
2025-05-17 19:48:17.257 [main] INFO  org.hibernate.jpa.internal.util.LogHelper - HHH000204: Processing PersistenceUnitInfo [name: default]
2025-05-17 19:48:17.322 [main] INFO  org.hibernate.Version - HHH000412: Hibernate ORM core version 6.6.13.Final
2025-05-17 19:48:17.361 [main] INFO  org.hibernate.cache.internal.RegionFactoryInitiator - HHH000026: Second-level cache disabled
2025-05-17 19:48:17.725 [main] INFO  org.hibernate.orm.connections.pooling - HHH10001005: Database info:
	Database JDBC URL [Connecting through datasource 'HikariDataSource (HikariPool-1)']
	Database driver: undefined/unknown
	Database version: 2.3.232
	Autocommit mode: undefined/unknown
	Isolation level: undefined/unknown
	Minimum pool size: undefined/unknown
	Maximum pool size: undefined/unknown
2025-05-17 19:48:18.336 [main] INFO  org.hibernate.engine.transaction.jta.platform.internal.JtaPlatformInitiator - HHH000489: No JTA platform available (set 'hibernate.transaction.jta.platform' to enable JTA platform integration)
2025-05-17 19:48:19.373 [main] INFO  org.apache.coyote.http11.Http11NioProtocol - Starting ProtocolHandler ["http-nio-8080"]
2025-05-17 19:48:19.548 [main] INFO  com.eleicao.sd.EleicaoApplication - Started EleicaoApplication in 4.558 seconds (process running for 5.412)
2025-05-17 19:48:30.673 [http-nio-8080-exec-6] INFO  org.apache.catalina.core.ContainerBase.[Tomcat].[localhost].[/] - Initializing Spring DispatcherServlet 'dispatcherServlet'
2025-05-17 19:48:31.048 [http-nio-8080-exec-6] INFO  com.eleicao.sd.service.EleicaoService - Criou user: yan
2025-05-17 19:48:46.703 [http-nio-8080-exec-4] INFO  com.eleicao.sd.service.EleicaoService - Criou candidato: papai neymar
2025-05-17 19:48:46.743 [http-nio-8080-exec-4] INFO  com.eleicao.sd.component.CandidatoSender - Candidato criado: CandidatoDTO{id=null, nome='papai neymar', quantidadeVotos=null, foto='link'}
2025-05-17 19:50:05.459 [SpringApplicationShutdownHook] INFO  com.zaxxer.hikari.HikariDataSource - HikariPool-1 - Shutdown initiated...
2025-05-17 19:50:05.474 [SpringApplicationShutdownHook] INFO  com.zaxxer.hikari.HikariDataSource - HikariPool-1 - Shutdown completed.
2025-05-17 19:50:08.834 [main] INFO  com.eleicao.sd.EleicaoApplication - Starting EleicaoApplication using Java 21.0.6 with PID 18724 (C:\Users\yguilherme\Documents\youknow\nova_pasta\trab_sd_votacao\backend+core\backend2\target\classes started by yguilherme in C:\Users\yguilherme\Documents\youknow\nova_pasta\trab_sd_votacao\backend+core\backend2)
2025-05-17 19:50:08.842 [main] INFO  com.eleicao.sd.EleicaoApplication - No active profile set, falling back to 1 default profile: "default"
2025-05-17 19:50:10.361 [main] INFO  org.apache.coyote.http11.Http11NioProtocol - Initializing ProtocolHandler ["http-nio-8080"]
2025-05-17 19:50:10.364 [main] INFO  org.apache.catalina.core.StandardService - Starting service [Tomcat]
2025-05-17 19:50:10.364 [main] INFO  org.apache.catalina.core.StandardEngine - Starting Servlet engine: [Apache Tomcat/10.1.40]
2025-05-17 19:50:10.414 [main] INFO  org.apache.catalina.core.ContainerBase.[Tomcat].[localhost].[/] - Initializing Spring embedded WebApplicationContext
2025-05-17 19:50:10.625 [main] INFO  com.zaxxer.hikari.HikariDataSource - HikariPool-1 - Starting...
2025-05-17 19:50:10.793 [main] INFO  com.zaxxer.hikari.pool.HikariPool - HikariPool-1 - Added connection conn0: url=jdbc:h2:mem:collectdb user=SA
2025-05-17 19:50:10.795 [main] INFO  com.zaxxer.hikari.HikariDataSource - HikariPool-1 - Start completed.
2025-05-17 19:50:10.857 [main] INFO  org.hibernate.jpa.internal.util.LogHelper - HHH000204: Processing PersistenceUnitInfo [name: default]
2025-05-17 19:50:10.940 [main] INFO  org.hibernate.Version - HHH000412: Hibernate ORM core version 6.6.13.Final
2025-05-17 19:50:11.008 [main] INFO  org.hibernate.cache.internal.RegionFactoryInitiator - HHH000026: Second-level cache disabled
2025-05-17 19:50:11.436 [main] INFO  org.hibernate.orm.connections.pooling - HHH10001005: Database info:
	Database JDBC URL [Connecting through datasource 'HikariDataSource (HikariPool-1)']
	Database driver: undefined/unknown
	Database version: 2.3.232
	Autocommit mode: undefined/unknown
	Isolation level: undefined/unknown
	Minimum pool size: undefined/unknown
	Maximum pool size: undefined/unknown
2025-05-17 19:50:12.124 [main] INFO  org.hibernate.engine.transaction.jta.platform.internal.JtaPlatformInitiator - HHH000489: No JTA platform available (set 'hibernate.transaction.jta.platform' to enable JTA platform integration)
2025-05-17 19:50:13.352 [main] INFO  org.apache.coyote.http11.Http11NioProtocol - Starting ProtocolHandler ["http-nio-8080"]
2025-05-17 19:50:13.494 [main] INFO  com.eleicao.sd.EleicaoApplication - Started EleicaoApplication in 5.007 seconds (process running for 5.967)
2025-05-17 20:40:56.891 [SpringApplicationShutdownHook] INFO  com.zaxxer.hikari.HikariDataSource - HikariPool-1 - Shutdown initiated...
2025-05-17 20:40:56.894 [SpringApplicationShutdownHook] INFO  com.zaxxer.hikari.HikariDataSource - HikariPool-1 - Shutdown completed.
2025-05-17 20:41:01.709 [main] INFO  com.eleicao.sd.EleicaoApplication - Starting EleicaoApplication using Java 21.0.6 with PID 21160 (C:\Users\yguilherme\Documents\youknow\nova_pasta\trab_sd_votacao\backend+core\backend2\target\classes started by yguilherme in C:\Users\yguilherme\Documents\youknow\nova_pasta\trab_sd_votacao\backend+core\backend2)
2025-05-17 20:41:01.722 [main] INFO  com.eleicao.sd.EleicaoApplication - No active profile set, falling back to 1 default profile: "default"
2025-05-17 20:41:03.177 [main] INFO  org.apache.coyote.http11.Http11NioProtocol - Initializing ProtocolHandler ["http-nio-8080"]
2025-05-17 20:41:03.180 [main] INFO  org.apache.catalina.core.StandardService - Starting service [Tomcat]
2025-05-17 20:41:03.180 [main] INFO  org.apache.catalina.core.StandardEngine - Starting Servlet engine: [Apache Tomcat/10.1.40]
2025-05-17 20:41:03.225 [main] INFO  org.apache.catalina.core.ContainerBase.[Tomcat].[localhost].[/] - Initializing Spring embedded WebApplicationContext
2025-05-17 20:41:03.436 [main] INFO  com.zaxxer.hikari.HikariDataSource - HikariPool-1 - Starting...
2025-05-17 20:41:03.589 [main] INFO  com.zaxxer.hikari.pool.HikariPool - HikariPool-1 - Added connection conn0: url=jdbc:h2:mem:collectdb user=SA
2025-05-17 20:41:03.591 [main] INFO  com.zaxxer.hikari.HikariDataSource - HikariPool-1 - Start completed.
2025-05-17 20:41:03.634 [main] INFO  org.hibernate.jpa.internal.util.LogHelper - HHH000204: Processing PersistenceUnitInfo [name: default]
2025-05-17 20:41:03.702 [main] INFO  org.hibernate.Version - HHH000412: Hibernate ORM core version 6.6.13.Final
2025-05-17 20:41:03.750 [main] INFO  org.hibernate.cache.internal.RegionFactoryInitiator - HHH000026: Second-level cache disabled
2025-05-17 20:41:04.137 [main] INFO  org.hibernate.orm.connections.pooling - HHH10001005: Database info:
	Database JDBC URL [Connecting through datasource 'HikariDataSource (HikariPool-1)']
	Database driver: undefined/unknown
	Database version: 2.3.232
	Autocommit mode: undefined/unknown
	Isolation level: undefined/unknown
	Minimum pool size: undefined/unknown
	Maximum pool size: undefined/unknown
2025-05-17 20:41:04.697 [main] INFO  org.hibernate.engine.transaction.jta.platform.internal.JtaPlatformInitiator - HHH000489: No JTA platform available (set 'hibernate.transaction.jta.platform' to enable JTA platform integration)
2025-05-17 20:41:05.897 [main] INFO  org.apache.coyote.http11.Http11NioProtocol - Starting ProtocolHandler ["http-nio-8080"]
2025-05-17 20:41:05.951 [main] INFO  com.eleicao.sd.EleicaoApplication - Started EleicaoApplication in 4.537 seconds (process running for 5.355)
2025-05-17 20:47:43.672 [http-nio-8080-exec-2] INFO  org.apache.catalina.core.ContainerBase.[Tomcat].[localhost].[/] - Initializing Spring DispatcherServlet 'dispatcherServlet'
2025-05-17 20:47:44.015 [http-nio-8080-exec-2] INFO  com.eleicao.sd.service.EleicaoService - Criou user: yan
2025-05-17 20:48:32.660 [http-nio-8080-exec-5] INFO  com.eleicao.sd.service.EleicaoService - Criou candidato: pepe
2025-05-17 20:48:32.812 [http-nio-8080-exec-5] INFO  com.eleicao.sd.component.CandidatoSender - Candidato criado: CandidatoDTO{nome='pepe', foto='link'}
2025-05-17 21:04:16.394 [SpringApplicationShutdownHook] INFO  com.zaxxer.hikari.HikariDataSource - HikariPool-1 - Shutdown initiated...
2025-05-17 21:04:16.398 [SpringApplicationShutdownHook] INFO  com.zaxxer.hikari.HikariDataSource - HikariPool-1 - Shutdown completed.
2025-05-17 21:04:21.660 [main] INFO  com.eleicao.sd.EleicaoApplication - Starting EleicaoApplication using Java 21.0.6 with PID 14400 (C:\Users\yguilherme\Documents\youknow\nova_pasta\trab_sd_votacao\backend+core\backend2\target\classes started by yguilherme in C:\Users\yguilherme\Documents\youknow\nova_pasta\trab_sd_votacao\backend+core\backend2)
2025-05-17 21:04:21.668 [main] INFO  com.eleicao.sd.EleicaoApplication - No active profile set, falling back to 1 default profile: "default"
2025-05-17 21:04:23.075 [main] INFO  org.apache.coyote.http11.Http11NioProtocol - Initializing ProtocolHandler ["http-nio-8080"]
2025-05-17 21:04:23.077 [main] INFO  org.apache.catalina.core.StandardService - Starting service [Tomcat]
2025-05-17 21:04:23.078 [main] INFO  org.apache.catalina.core.StandardEngine - Starting Servlet engine: [Apache Tomcat/10.1.40]
2025-05-17 21:04:23.121 [main] INFO  org.apache.catalina.core.ContainerBase.[Tomcat].[localhost].[/] - Initializing Spring embedded WebApplicationContext
2025-05-17 21:04:23.287 [main] INFO  com.zaxxer.hikari.HikariDataSource - HikariPool-1 - Starting...
2025-05-17 21:04:23.458 [main] INFO  com.zaxxer.hikari.pool.HikariPool - HikariPool-1 - Added connection conn0: url=jdbc:h2:mem:collectdb user=SA
2025-05-17 21:04:23.460 [main] INFO  com.zaxxer.hikari.HikariDataSource - HikariPool-1 - Start completed.
2025-05-17 21:04:23.516 [main] INFO  org.hibernate.jpa.internal.util.LogHelper - HHH000204: Processing PersistenceUnitInfo [name: default]
2025-05-17 21:04:23.591 [main] INFO  org.hibernate.Version - HHH000412: Hibernate ORM core version 6.6.13.Final
2025-05-17 21:04:23.635 [main] INFO  org.hibernate.cache.internal.RegionFactoryInitiator - HHH000026: Second-level cache disabled
2025-05-17 21:04:24.013 [main] INFO  org.hibernate.orm.connections.pooling - HHH10001005: Database info:
	Database JDBC URL [Connecting through datasource 'HikariDataSource (HikariPool-1)']
	Database driver: undefined/unknown
	Database version: 2.3.232
	Autocommit mode: undefined/unknown
	Isolation level: undefined/unknown
	Minimum pool size: undefined/unknown
	Maximum pool size: undefined/unknown
2025-05-17 21:04:24.565 [main] INFO  org.hibernate.engine.transaction.jta.platform.internal.JtaPlatformInitiator - HHH000489: No JTA platform available (set 'hibernate.transaction.jta.platform' to enable JTA platform integration)
2025-05-17 21:04:25.618 [main] INFO  org.apache.coyote.http11.Http11NioProtocol - Starting ProtocolHandler ["http-nio-8080"]
2025-05-17 21:04:25.663 [main] INFO  com.eleicao.sd.EleicaoApplication - Started EleicaoApplication in 4.347 seconds (process running for 5.175)
2025-05-17 21:06:45.343 [http-nio-8080-exec-2] INFO  org.apache.catalina.core.ContainerBase.[Tomcat].[localhost].[/] - Initializing Spring DispatcherServlet 'dispatcherServlet'
2025-05-17 21:06:45.675 [http-nio-8080-exec-2] INFO  com.eleicao.sd.service.UserService - Criou user: yan
2025-05-17 21:08:48.484 [SpringApplicationShutdownHook] INFO  com.zaxxer.hikari.HikariDataSource - HikariPool-1 - Shutdown initiated...
2025-05-17 21:08:48.487 [SpringApplicationShutdownHook] INFO  com.zaxxer.hikari.HikariDataSource - HikariPool-1 - Shutdown completed.
2025-05-17 21:08:53.197 [main] INFO  com.eleicao.sd.EleicaoApplication - Starting EleicaoApplication using Java 21.0.6 with PID 28204 (C:\Users\yguilherme\Documents\youknow\nova_pasta\trab_sd_votacao\backend+core\backend2\target\classes started by yguilherme in C:\Users\yguilherme\Documents\youknow\nova_pasta\trab_sd_votacao\backend+core\backend2)
2025-05-17 21:08:53.205 [main] INFO  com.eleicao.sd.EleicaoApplication - No active profile set, falling back to 1 default profile: "default"
2025-05-17 21:08:54.721 [main] INFO  org.apache.coyote.http11.Http11NioProtocol - Initializing ProtocolHandler ["http-nio-8080"]
2025-05-17 21:08:54.724 [main] INFO  org.apache.catalina.core.StandardService - Starting service [Tomcat]
2025-05-17 21:08:54.724 [main] INFO  org.apache.catalina.core.StandardEngine - Starting Servlet engine: [Apache Tomcat/10.1.40]
2025-05-17 21:08:54.777 [main] INFO  org.apache.catalina.core.ContainerBase.[Tomcat].[localhost].[/] - Initializing Spring embedded WebApplicationContext
2025-05-17 21:08:54.981 [main] INFO  com.zaxxer.hikari.HikariDataSource - HikariPool-1 - Starting...
2025-05-17 21:08:55.155 [main] INFO  com.zaxxer.hikari.pool.HikariPool - HikariPool-1 - Added connection conn0: url=jdbc:h2:mem:collectdb user=SA
2025-05-17 21:08:55.157 [main] INFO  com.zaxxer.hikari.HikariDataSource - HikariPool-1 - Start completed.
2025-05-17 21:08:55.207 [main] INFO  org.hibernate.jpa.internal.util.LogHelper - HHH000204: Processing PersistenceUnitInfo [name: default]
2025-05-17 21:08:55.271 [main] INFO  org.hibernate.Version - HHH000412: Hibernate ORM core version 6.6.13.Final
2025-05-17 21:08:55.304 [main] INFO  org.hibernate.cache.internal.RegionFactoryInitiator - HHH000026: Second-level cache disabled
2025-05-17 21:08:55.671 [main] INFO  org.hibernate.orm.connections.pooling - HHH10001005: Database info:
	Database JDBC URL [Connecting through datasource 'HikariDataSource (HikariPool-1)']
	Database driver: undefined/unknown
	Database version: 2.3.232
	Autocommit mode: undefined/unknown
	Isolation level: undefined/unknown
	Minimum pool size: undefined/unknown
	Maximum pool size: undefined/unknown
2025-05-17 21:08:56.226 [main] INFO  org.hibernate.engine.transaction.jta.platform.internal.JtaPlatformInitiator - HHH000489: No JTA platform available (set 'hibernate.transaction.jta.platform' to enable JTA platform integration)
2025-05-17 21:08:57.350 [main] INFO  org.apache.coyote.http11.Http11NioProtocol - Starting ProtocolHandler ["http-nio-8080"]
2025-05-17 21:08:57.395 [main] INFO  com.eleicao.sd.EleicaoApplication - Started EleicaoApplication in 4.541 seconds (process running for 5.388)
2025-05-17 21:09:04.685 [http-nio-8080-exec-2] INFO  org.apache.catalina.core.ContainerBase.[Tomcat].[localhost].[/] - Initializing Spring DispatcherServlet 'dispatcherServlet'
2025-05-17 21:09:05.063 [http-nio-8080-exec-2] INFO  com.eleicao.sd.service.UserService - Criou user: yan
2025-05-17 21:09:14.891 [http-nio-8080-exec-3] INFO  com.eleicao.sd.service.EleicaoService - Candidato encontrado: pepe
2025-05-17 21:09:15.026 [http-nio-8080-exec-3] INFO  com.eleicao.sd.component.VotoSender - Voto enviado: VotoDTO{type='eleicao-gp2', object='pepe', valor=1, timestamp=2025-05-17T21:09:14.891083100}
2025-05-17 21:09:15.027 [http-nio-8080-exec-3] INFO  com.eleicao.sd.service.EleicaoService - Voto para o candidato: pepe
2025-05-17 21:10:32.546 [http-nio-8080-exec-6] INFO  com.eleicao.sd.service.EleicaoService - Candidato encontrado: pepe
2025-05-17 21:10:32.548 [http-nio-8080-exec-6] INFO  com.eleicao.sd.component.VotoSender - Voto enviado: VotoDTO{type='eleicao-gp2', object='pepe', valor=1, timestamp=2025-05-17T21:10:32.547749500}
2025-05-17 21:10:32.549 [http-nio-8080-exec-6] INFO  com.eleicao.sd.service.EleicaoService - Voto para o candidato: pepe
2025-05-17 21:10:33.654 [http-nio-8080-exec-7] INFO  com.eleicao.sd.service.EleicaoService - Candidato encontrado: pepe
2025-05-17 21:10:33.656 [http-nio-8080-exec-7] INFO  com.eleicao.sd.component.VotoSender - Voto enviado: VotoDTO{type='eleicao-gp2', object='pepe', valor=1, timestamp=2025-05-17T21:10:33.655542200}
2025-05-17 21:10:33.657 [http-nio-8080-exec-7] INFO  com.eleicao.sd.service.EleicaoService - Voto para o candidato: pepe
2025-05-17 21:10:34.687 [http-nio-8080-exec-8] INFO  com.eleicao.sd.service.EleicaoService - Candidato encontrado: pepe
2025-05-17 21:10:34.687 [http-nio-8080-exec-8] INFO  com.eleicao.sd.component.VotoSender - Voto enviado: VotoDTO{type='eleicao-gp2', object='pepe', valor=1, timestamp=2025-05-17T21:10:34.687084300}
2025-05-17 21:10:34.687 [http-nio-8080-exec-8] INFO  com.eleicao.sd.service.EleicaoService - Voto para o candidato: pepe
2025-05-17 21:10:35.717 [http-nio-8080-exec-9] INFO  com.eleicao.sd.service.EleicaoService - Candidato encontrado: pepe
2025-05-17 21:10:35.718 [http-nio-8080-exec-9] INFO  com.eleicao.sd.component.VotoSender - Voto enviado: VotoDTO{type='eleicao-gp2', object='pepe', valor=1, timestamp=2025-05-17T21:10:35.718392700}
2025-05-17 21:10:35.719 [http-nio-8080-exec-9] INFO  com.eleicao.sd.service.EleicaoService - Voto para o candidato: pepe
2025-05-17 21:10:36.797 [http-nio-8080-exec-10] INFO  com.eleicao.sd.service.EleicaoService - Candidato encontrado: pepe
2025-05-17 21:10:36.799 [http-nio-8080-exec-10] INFO  com.eleicao.sd.component.VotoSender - Voto enviado: VotoDTO{type='eleicao-gp2', object='pepe', valor=1, timestamp=2025-05-17T21:10:36.798072300}
2025-05-17 21:10:36.800 [http-nio-8080-exec-10] INFO  com.eleicao.sd.service.EleicaoService - Voto para o candidato: pepe
2025-05-17 21:10:37.763 [http-nio-8080-exec-1] INFO  com.eleicao.sd.service.EleicaoService - Candidato encontrado: pepe
2025-05-17 21:10:37.765 [http-nio-8080-exec-1] INFO  com.eleicao.sd.component.VotoSender - Voto enviado: VotoDTO{type='eleicao-gp2', object='pepe', valor=1, timestamp=2025-05-17T21:10:37.764853200}
2025-05-17 21:10:37.765 [http-nio-8080-exec-1] INFO  com.eleicao.sd.service.EleicaoService - Voto para o candidato: pepe
2025-05-17 21:12:08.482 [SpringApplicationShutdownHook] INFO  com.zaxxer.hikari.HikariDataSource - HikariPool-1 - Shutdown initiated...
2025-05-17 21:12:08.485 [SpringApplicationShutdownHook] INFO  com.zaxxer.hikari.HikariDataSource - HikariPool-1 - Shutdown completed.
